SuperExpress:
Error on page 1, skipping. 
[Errno 13] Permission denied: 'data/super_express.csv'


